// Jest Snapshot v1, https://goo.gl/fbAQLP

exports[`render with default props 1`] = `
<Login
  login={[Function]}
  store={
    Object {
      "clearActions": [Function],
      "dispatch": [Function],
      "getActions": [Function],
      "getState": [Function],
      "replaceReducer": [Function],
      "subscribe": [Function],
    }
  }
/>
`;
